exports[`AcpcTable with 2-player Texas hold'em table on the river works 1`] = `
<div
  className="acpc-table">
  <ol
    className="opponents">
    <li>
      <ol
        className="player">
        <li
          className="held_player_information">
          <div
            className="name">
            player2
          </div>
          <ol
            className="card-list">
            <li>
              <div
                className="card">
                <div
                  className="logo" />
              </div>
            </li>
            <li>
              <div
                className="card">
                <div
                  className="logo" />
              </div>
            </li>
          </ol>
          <div
            className="player_stack">
            <div
              className="chip-stack">
              <div
                className="amount">
                800
              </div>
            </div>
          </div>
        </li>
        <li
          className="outer_player_information">
          <div
            className="contribution">
            <div
              className="chip-stack">
              <div
                className="amount">
                600
              </div>
            </div>
          </div>
        </li>
      </ol>
    </li>
  </ol>
  <div
    className="community-information">
    <ol
      className="board-cards">
      <li>
        <div
          className="card-face-up-h">
          <div
            className="top-left-rank">
            2
          </div>
          <div
            className="suit">
            ♥
          </div>
          <div
            className="bottom-right-rank">
            2
          </div>
        </div>
      </li>
      <li>
        <div
          className="card-face-up-d">
          <div
            className="top-left-rank">
            3
          </div>
          <div
            className="suit">
            ♦
          </div>
          <div
            className="bottom-right-rank">
            3
          </div>
        </div>
      </li>
      <li>
        <div
          className="card-face-up-s">
          <div
            className="top-left-rank">
            10
          </div>
          <div
            className="suit">
            ♠
          </div>
          <div
            className="bottom-right-rank">
            10
          </div>
        </div>
      </li>
      <li>
        <div
          className="card-face-up-c">
          <div
            className="top-left-rank">
            A
          </div>
          <div
            className="suit">
            ♣
          </div>
          <div
            className="bottom-right-rank">
            A
          </div>
        </div>
      </li>
      <li>
        <div
          className="card-face-up-d">
          <div
            className="top-left-rank">
            K
          </div>
          <div
            className="suit">
            ♦
          </div>
          <div
            className="bottom-right-rank">
            K
          </div>
        </div>
      </li>
    </ol>
    <div
      className="chip-stack">
      <div
        className="amount">
        1000
      </div>
    </div>
  </div>
  <ol
    className="player acting user">
    <li
      className="outer_player_information">
      <div
        className="dealer_button">
        Dealer
      </div>
      <div
        className="contribution">
        <div
          className="chip-stack">
          <div
            className="amount">
            400
          </div>
        </div>
      </div>
    </li>
    <li
      className="held_player_information">
      <div
        className="name">
        player1
      </div>
      <ol
        className="card-list">
        <li>
          <div
            className="card">
            <div
              className="logo" />
          </div>
        </li>
        <li>
          <div
            className="card">
            <div
              className="logo" />
          </div>
        </li>
      </ol>
      <div
        className="player_stack">
        <div
          className="chip-stack">
          <div
            className="amount">
            1000
          </div>
        </div>
      </div>
    </li>
  </ol>
</div>
`;
