exports[`test face down card works 1`] = `
<div
  className="card">
  <div
    className="logo" />
</div>
`;

exports[`test face up card works 1`] = `
<div
  className="card-face-up-s">
  <div
    className="top-left-rank">
    A
  </div>
  <div
    className="suit">
    &spades;
  </div>
  <div
    className="bottom-right-rank">
    A
  </div>
</div>
`;
