exports[`test face down card works 1`] = `
<div
  className="card-face-down">
  <div
    className="logo" />
</div>
`;

exports[`test face up card works 1`] = `
<div
  className="card-face-up">
  <div
    className="top-left-rank">
    A
  </div>
  <div
    className="suit">
    ♠
  </div>
  <div
    className="bottom-right-rank">
    A
  </div>
</div>
`;
